# compiler: R8
# compiler_version: 1.5.68
# pg_map_id: 04ddd6d
com.leanplum.LeanplumFcmProvider -> com.leanplum.LeanplumFcmProvider:
    1:1:void <init>():45:45 -> <init>
    1:2:void getCurrentRegistrationIdAndUpdateBackend():54:55 -> getCurrentRegistrationIdAndUpdateBackend
    1:1:java.lang.String getRegistrationId():49:49 -> getRegistrationId
    1:9:boolean isManifestSetup():78:86 -> isManifestSetup
    10:17:boolean isManifestSetup():84:91 -> isManifestSetup
    18:25:boolean isManifestSetup():88:95 -> isManifestSetup
    26:40:boolean isManifestSetup():93:107 -> isManifestSetup
    1:4:void unregister():114:117 -> unregister
com.leanplum.LeanplumFcmProvider$1 -> com.leanplum.LeanplumFcmProvider$1:
    1:1:void <init>(com.leanplum.LeanplumFcmProvider):55:55 -> <init>
    1:8:void onComplete(com.google.android.gms.tasks.Task):58:65 -> onComplete
com.leanplum.LeanplumPushFirebaseMessagingService -> com.leanplum.LeanplumPushFirebaseMessagingService:
    1:1:void <init>():42:42 -> <init>
    1:4:android.os.Bundle getBundle(java.util.Map):84:87 -> getBundle
    1:2:void onCreate():46:47 -> onCreate
    1:7:void onMessageReceived(com.google.firebase.messaging.RemoteMessage):70:76 -> onMessageReceived
    1:7:void onNewToken(java.lang.String):52:58 -> onNewToken
com.leanplum.LeanplumPushServiceFcm -> com.leanplum.LeanplumPushServiceFcm:
    1:1:void <init>():9:9 -> <init>
    1:5:void onStart():16:20 -> onStart
    6:6:void onStart():19:19 -> onStart
com.leanplum.fcm.BuildConfig -> com.leanplum.fcm.BuildConfig:
    1:1:void <init>():6:6 -> <init>
